// Vitest Snapshot v1, https://vitest.dev/guide/snapshot.html

exports[`Element > mount component 1`] = `"<test-element :scope=\\"test-element\\" :defined=\\"\\" stringprop=\\"test\\" booleanprop=\\"\\" numericprop=\\"1\\"><span class=\\"text\\">test</span><span class=\\"boolean\\">true</span><span class=\\"number\\">1</span><span class=\\"object\\">{\\"test\\":true}</span></test-element>"`;
